
ASEM-51 V1.3                                         Copyright (c) 2002 by W.W. Heinz                                         PAGE 1





       MCS-51 Family Macro Assembler   A S E M - 5 1   V 1.3
       =====================================================



	Source File:	C:\Users\Boss\Documents\2020 projects\domestic energy scheduler\domestic energy scheduler.asm
	Object File:	C:\Users\Boss\Documents\2020 projects\domestic energy scheduler\domestic energy scheduler.hex
	List File:	C:\Users\Boss\Documents\2020 projects\domestic energy scheduler\domestic energy scheduler.lst



 Line  I  Addr  Code            Source

    1:				;THIS IS A CIRCUIT THAT WILL CONTROL THE TURNING ON AND OFF OF INDUSTRIAL ELECTRICAL EQUIPMENT VIA R
				ESPONSE FROM SWITCHES
    2:				;AT START, THE USER WILL BE PROMPTED TO SET THE TIME ON AND TIME OFF OF THE LOADS AS WELL AS THE TIM
				E OF THE DAY.
    3:				;THE CIRCUIT WILL PICK UP AND RESPOND APPRIOPRIATELY.
    4:				;THIS TIME ON AND OFF AS WELL AS THE TIME OF THE DAY, CAN BE EDITED ANYTIME BY THE USER.
    5:
    6:				;DECLARATIONS FOR SIMULATION
    7:				;LCD_PORT		EQU	P2
    8:				;RS_BIT			EQU	P3.5
    9:				;RW_BIT			EQU	P3.6
   10:				;EN_BIT			EQU	P3.7
   11:
   12:				;LOAD1			EQU	P1.0
   13:				;LOAD2			EQU	P1.1
   14:				;LOAD3			EQU	P1.2
   15:				;LOAD4			EQU	P1.3
   16:				;STAT_LED		EQU	P1.4
   17:
   18:				;YES_UP			EQU	P0.0
   19:				;NO_DOWN		EQU	P0.1
   20:				;ENTER			EQU	P0.2
   21:
   22:				;DECLARATIONS FOR real life
   23:		D      00A0	LCD_PORT		EQU	P2
   24:		B      00B4	RS_BIT			EQU	P3.4
   25:		B      00B6	RW_BIT			EQU	P3.6
   26:		B      00B5	EN_BIT			EQU	P3.5
   27:
   28:		B      0083	LOAD1			EQU	P0.3
   29:		B      0082	LOAD2			EQU	P0.2
   30:		B      0081	LOAD3			EQU	P0.1
   31:		B      0080	LOAD4			EQU	P0.0
   32:		B      0085	STAT_LED		EQU	P0.5
   33:
   34:		B      0095	YES_UP			EQU	P1.5
   35:		B      0094	NO_DOWN			EQU	P1.4
   36:		B      0093	ENTER			EQU	P1.3
   37:
   38:
   39:		N      0040	LOAD1_ON_HR		EQU	40H			;THESE ARE WHERE THE SET VALUES OF ON AND OF
				F TIME ARE STORED. COLLECTED FROM PHONE
   40:		N      0041	LOAD1_OFF_HR		EQU	41H

ASEM-51 V1.3                                         Copyright (c) 2002 by W.W. Heinz                                         PAGE 2



 Line  I  Addr  Code            Source

   41:		N      0042	LOAD1_ON_MIN		EQU	42H
   42:		N      0043	LOAD1_OFF_MIN		EQU	43H
   43:
   44:		N      0044	LOAD2_ON_HR		EQU	44H
   45:		N      0045	LOAD2_OFF_HR		EQU	45H
   46:		N      0046	LOAD2_ON_MIN		EQU	46H
   47:		N      0047	LOAD2_OFF_MIN		EQU	47H
   48:
   49:		N      0048	LOAD3_ON_HR		EQU	48H
   50:		N      0049	LOAD3_OFF_HR		EQU	49H
   51:		N      004A	LOAD3_ON_MIN		EQU	4AH
   52:		N      004B	LOAD3_OFF_MIN		EQU	4BH
   53:
   54:		N      004C	LOAD4_ON_HR		EQU	4CH
   55:		N      004D	LOAD4_OFF_HR		EQU	4DH
   56:		N      004E	LOAD4_ON_MIN		EQU	4EH
   57:		N      004F	LOAD4_OFF_MIN		EQU	4FH
   58:
   59:		N      0060	HOUR			EQU	60H		;COLLECTED TIME FROM PHONE
   60:		N      0061	MINUTE			EQU	61H
   61:		N      0062	SECOND			EQU	62H
   62:
   63:		N      0063	LOAD_ON_HR		EQU	63H			;USED TO SET THE STATUS OF THE LOADS

   64:		N      0064	LOAD_OFF_HR		EQU	64H
   65:		N      0065	LOAD_ON_MIN		EQU	65H
   66:		N      0066	LOAD_OFF_MIN		EQU	66H
   67:
   68:
   69:
   70:		N      0067	HR1			EQU	67H		;for display
   71:		N      0068	HR2			EQU	68H
   72:		N      0069	MIN1			EQU	69H
   73:		N      006A	MIN2			EQU	6AH
   74:		N      006B	SEC1			EQU	6BH
   75:		N      006C	SEC2			EQU	6CH
   76:
   77:		N      006D	ADJ			EQU	6DH		;SET THE DURATION OF THE CLOCK
   78:
   79:		R	 R6	SET_REG			EQU	R6		;REGISTER TO SET TIME
   80:		N      006E	LOAD_STATUS		EQU	6EH		;DETERMINES IF THE LOAD WILL ON OR OFF
   81:
   82:		N      0000			ORG 0000H
   83:	  0000	02 00 30			LJMP MAIN
   84:		N      000B			ORG  000BH
   85:	  000B	02 02 72			LJMP INTERUPT
   86:
   87:		N      0030			ORG 0030H
   88:
   89:	  0030			MAIN:
   90:
   91:
   92:				;INITIALIZATION
   93:
   94:	  0030	D2 83			SETB LOAD1		;TURN OFF ALL THE Loads
   95:	  0032	D2 82			SETB LOAD2

ASEM-51 V1.3                                         Copyright (c) 2002 by W.W. Heinz                                         PAGE 3



 Line  I  Addr  Code            Source

   96:	  0034	D2 81			SETB LOAD3
   97:	  0036	D2 80			SETB LOAD4
   98:	  0038	C2 85			CLR STAT_LED
   99:
  100:	  003A	D2 95			SETB YES_UP		;MAKE INPUT
  101:	  003C	D2 94			SETB NO_DOWN
  102:	  003E	D2 93			SETB ENTER
  103:
  104:	  0040	75 6D 12		MOV ADJ,#18
  105:
  106:
  107:
  108:				;PROGRAM STARTS HERE
  109:	  0043	12 03 CA		LCALL PROJ1
  110:	  0046	12 06 B4		LCALL HALF_SEC
  111:	  0049	12 03 EC		LCALL PROJ2
  112:	  004C	12 06 A1		LCALL ONE_SEC
  113:	  004F	12 04 0E	REJOIN:	LCALL PROJ3
  114:	  0052	12 06 B4		LCALL HALF_SEC
  115:	  0055	12 04 30		LCALL PROJ4
  116:	  0058	D2 85			SETB STAT_LED
  117:	  005A	12 06 8E		LCALL LONG_DELAY
  118:
  119:
  120:					;TURN ON ALL THE LOADS, THEN TURN EM OFF AGAIN
  121:	  005D	C2 83			CLR LOAD1
  122:	  005F	12 06 A1		LCALL ONE_SEC
  123:	  0062	C2 82			CLR LOAD2
  124:	  0064	12 06 A1		LCALL ONE_SEC
  125:	  0067	C2 81			CLR LOAD3
  126:	  0069	12 06 A1		LCALL ONE_SEC
  127:	  006C	C2 80			CLR LOAD4
  128:	  006E	C2 85			CLR STAT_LED
  129:	  0070	12 06 8E		LCALL LONG_DELAY
  130:	  0073	C2 85			CLR STAT_LED
  131:
  132:	  0075	D2 83			SETB LOAD1
  133:	  0077	12 06 B4		LCALL HALF_SEC
  134:	  007A	D2 82			SETB LOAD2
  135:	  007C	12 06 B4		LCALL HALF_SEC
  136:	  007F	D2 81			SETB LOAD3
  137:	  0081	12 06 B4		LCALL HALF_SEC
  138:	  0084	D2 80			SETB LOAD4
  139:	  0086	12 06 A1		LCALL ONE_SEC
  140:	  0089	D2 85			SETB STAT_LED
  141:	  008B	12 06 B4		LCALL HALF_SEC
  142:
  143:
  144:
  145:
  146:
  147:
  148:					;set the time off/on of the loads and also the clock
  149:	  008E	7E 00				MOV SET_REG,#00H		;EMPTY REGISTER FIRST
  150:	  0090	12 04 96			LCALL SET_LOAD1_ON		;DISPLAY SETTING OF ON TIME
  151:	  0093	75 60 00			MOV HOUR,#00

ASEM-51 V1.3                                         Copyright (c) 2002 by W.W. Heinz                                         PAGE 4



 Line  I  Addr  Code            Source

  152:	  0096	75 61 00			MOV MINUTE,#00
  153:	  0099	75 62 00			MOV SECOND,#00
  154:	  009C	12 03 31			LCALL CONVERSIONS
  155:	  009F	12 03 78			LCALL TIME_DIS
  156:	  00A2	12 02 BB			LCALL SETTING1			;SUBROUTINE TO SET TIME ON/OFF
  157:	  00A5	85 60 40			MOV LOAD1_ON_HR,HOUR
  158:	  00A8	85 61 42			MOV LOAD1_ON_MIN,MINUTE
  159:
  160:	  00AB	7E 00				MOV SET_REG,#00H
  161:	  00AD	12 04 B8			LCALL SET_LOAD1_OFF
  162:	  00B0	75 60 00			MOV HOUR,#00
  163:	  00B3	75 61 00			MOV MINUTE,#00
  164:	  00B6	75 62 00			MOV SECOND,#00
  165:	  00B9	12 03 31			LCALL CONVERSIONS
  166:	  00BC	12 03 78			LCALL TIME_DIS
  167:	  00BF	12 02 BB			LCALL SETTING1
  168:	  00C2	85 60 41			MOV LOAD1_OFF_HR,HOUR
  169:	  00C5	85 61 43			MOV LOAD1_OFF_MIN,MINUTE
  170:
  171:						;FOR LOAD 2
  172:	  00C8	7E 00				MOV SET_REG,#00H
  173:	  00CA	12 04 DA			LCALL SET_LOAD2_ON
  174:	  00CD	75 60 00			MOV HOUR,#00
  175:	  00D0	75 61 00			MOV MINUTE,#00
  176:	  00D3	75 62 00			MOV SECOND,#00
  177:	  00D6	12 03 31			LCALL CONVERSIONS
  178:	  00D9	12 03 78			LCALL TIME_DIS
  179:	  00DC	12 02 BB			LCALL SETTING1
  180:	  00DF	85 60 44			MOV LOAD2_ON_HR,HOUR
  181:	  00E2	85 61 46			MOV LOAD2_ON_MIN,MINUTE
  182:
  183:	  00E5	7E 00				MOV SET_REG,#00H
  184:	  00E7	12 04 FC			LCALL SET_LOAD2_OFF
  185:	  00EA	75 60 00			MOV HOUR,#00
  186:	  00ED	75 61 00			MOV MINUTE,#00
  187:	  00F0	75 62 00			MOV SECOND,#00
  188:	  00F3	12 03 31			LCALL CONVERSIONS
  189:	  00F6	12 03 78			LCALL TIME_DIS
  190:	  00F9	12 02 BB			LCALL SETTING1
  191:	  00FC	85 60 45			MOV LOAD2_OFF_HR,HOUR
  192:	  00FF	85 61 47			MOV LOAD2_OFF_MIN,MINUTE
  193:
  194:						;FOR LOAD 3
  195:	  0102	7E 00				MOV SET_REG,#00H
  196:	  0104	12 05 1E			LCALL SET_LOAD3_ON
  197:	  0107	75 60 00			MOV HOUR,#00
  198:	  010A	75 61 00			MOV MINUTE,#00
  199:	  010D	75 62 00			MOV SECOND,#00
  200:	  0110	12 03 31			LCALL CONVERSIONS
  201:	  0113	12 03 78			LCALL TIME_DIS
  202:	  0116	12 02 BB			LCALL SETTING1
  203:	  0119	85 60 48			MOV LOAD3_ON_HR,HOUR
  204:	  011C	85 61 4A			MOV LOAD3_ON_MIN,MINUTE
  205:
  206:	  011F	7E 00				MOV SET_REG,#00H
  207:	  0121	12 05 40			LCALL SET_LOAD3_OFF

ASEM-51 V1.3                                         Copyright (c) 2002 by W.W. Heinz                                         PAGE 5



 Line  I  Addr  Code            Source

  208:	  0124	75 60 00			MOV HOUR,#00
  209:	  0127	75 61 00			MOV MINUTE,#00
  210:	  012A	75 62 00			MOV SECOND,#00
  211:	  012D	12 03 31			LCALL CONVERSIONS
  212:	  0130	12 03 78			LCALL TIME_DIS
  213:	  0133	12 02 BB			LCALL SETTING1
  214:	  0136	85 60 49			MOV LOAD3_OFF_HR,HOUR
  215:	  0139	85 61 4B			MOV LOAD3_OFF_MIN,MINUTE
  216:
  217:						;FOR LOAD 4
  218:	  013C	7E 00				MOV SET_REG,#00H
  219:	  013E	12 05 62			LCALL SET_LOAD4_ON
  220:	  0141	75 60 00			MOV HOUR,#00
  221:	  0144	75 61 00			MOV MINUTE,#00
  222:	  0147	75 62 00			MOV SECOND,#00
  223:	  014A	12 03 31			LCALL CONVERSIONS
  224:	  014D	12 03 78			LCALL TIME_DIS
  225:	  0150	12 02 BB			LCALL SETTING1
  226:	  0153	85 60 4C			MOV LOAD4_ON_HR,HOUR
  227:	  0156	85 61 4E			MOV LOAD4_ON_MIN,MINUTE
  228:
  229:	  0159	7E 00				MOV SET_REG,#00H
  230:	  015B	12 05 84			LCALL SET_LOAD4_OFF
  231:	  015E	75 60 00			MOV HOUR,#00
  232:	  0161	75 61 00			MOV MINUTE,#00
  233:	  0164	75 62 00			MOV SECOND,#00
  234:	  0167	12 03 31			LCALL CONVERSIONS
  235:	  016A	12 03 78			LCALL TIME_DIS
  236:	  016D	12 02 BB			LCALL SETTING1
  237:	  0170	85 60 4D			MOV LOAD4_OFF_HR,HOUR
  238:	  0173	85 61 4F			MOV LOAD4_OFF_MIN,MINUTE
  239:
  240:
  241:	  0176	12 05 EA			LCALL RESET_CLOCK			;THIS SETS THE TIME OF THE DAY
  242:	  0179	7E 00				MOV SET_REG,#00H
  243:	  017B	75 60 00			MOV HOUR,#00
  244:	  017E	75 61 00			MOV MINUTE,#00
  245:	  0181	75 62 00			MOV SECOND,#00
  246:	  0184	12 03 31			LCALL CONVERSIONS
  247:	  0187	12 03 78			LCALL TIME_DIS
  248:	  018A	12 02 BB			LCALL SETTING1
  249:
  250:
  251:	  018D	12 05 A6			LCALL SETTING_DONE
  252:	  0190	12 06 8E			LCALL LONG_DELAY
  253:
  254:	  0193	AA 6D		DONE:		MOV R2,ADJ		;REPEAT A PROCESS 18 TIMES
  255:	  0195	75 A8 82			MOV IE,#82H		;ENABLES TIMER0 OVER FLOW INTERUPT
  256:	  0198	75 89 01	RELOAD:		MOV TMOD,#01H		;SELECT MODE 1 OF TIMER ZERO
  257:	  019B	75 8A B0			MOV TL0,#0B0H		;LOADS THE TIMER TO BE ABLE TO
  258:	  019E	75 8C 3C			MOV TH0,#03CH		;MAKE A 50MS DELAY
  259:	  01A1	D2 8C				SETB TR0
  260:
  261:	  01A3	12 05 C8			LCALL THE_TIME_IS
  262:
  263:	  01A6	12 01 CD	REAL_LOOP:	LCALL LOAD_OPERATION

ASEM-51 V1.3                                         Copyright (c) 2002 by W.W. Heinz                                         PAGE 6



 Line  I  Addr  Code            Source

  264:	  01A9	20 93 FA			JB ENTER,REAL_LOOP
  265:	  01AC	75 A8 00			MOV IE,#00
  266:	  01AF	C2 8E				CLR TR1
  267:	  01B1	12 06 0C			LCALL SYSTEM_RESET
  268:	  01B4	12 06 2E			LCALL YES_NO
  269:	  01B7	12 06 A1			LCALL ONE_SEC
  270:
  271:
  272:	  01BA	30 95 0D	IMPLY:		JNB YES_UP,BOLD
  273:	  01BD	30 94 02			JNB NO_DOWN,CHICKEN
  274:	  01C0	80 F8				SJMP IMPLY
  275:
  276:	  01C2	12 06 50	CHICKEN:	LCALL INVALID_COMMAND
  277:	  01C5	12 06 8E			LCALL LONG_DELAY
  278:	  01C8	80 C9				SJMP DONE
  279:	  01CA	02 00 4F	BOLD:		LJMP REJOIN
  280:
  281:
  282:
  283:
  284:				;
  285:
  286:
  287:				;SUBROUTINE STARTS HERE
  288:
  289:
  290:				;SUBROUTINE STARTS HERE
  291:
  292:					;PROG TO ACTUALLY USE THE STATUS TO TURN ON OR OFF OF THE LOAS
  293:
  294:	  01CD	85 40 63	LOAD_OPERATION:		MOV LOAD_ON_HR,LOAD1_ON_HR
  295:	  01D0	85 42 65				MOV LOAD_ON_MIN,LOAD1_ON_MIN
  296:	  01D3	85 41 64				MOV LOAD_OFF_HR,LOAD1_OFF_HR
  297:	  01D6	85 43 66				MOV LOAD_OFF_MIN,LOAD1_OFF_MIN
  298:	  01D9	12 02 33				LCALL ROUTINE1
  299:	  01DC	40 02					JC ONS1
  300:	  01DE	80 04					SJMP OFFS1
  301:
  302:	  01E0	C2 83		ONS1:			CLR LOAD1			;CLR MEANS TURN ON
  303:	  01E2	80 02					SJMP LOAD2_OPERATION
  304:	  01E4	D2 83		OFFS1:			SETB LOAD1			;SETB IS TURN OFF
  305:
  306:	  01E6	85 44 63	LOAD2_OPERATION:	MOV LOAD_ON_HR,LOAD2_ON_HR
  307:	  01E9	85 46 65				MOV LOAD_ON_MIN,LOAD2_ON_MIN
  308:	  01EC	85 45 64				MOV LOAD_OFF_HR,LOAD2_OFF_HR
  309:	  01EF	85 47 66				MOV LOAD_OFF_MIN,LOAD2_OFF_MIN
  310:	  01F2	12 02 33				LCALL ROUTINE1
  311:	  01F5	40 02					JC ONS2
  312:	  01F7	80 04					SJMP OFFS2
  313:	  01F9	C2 82		ONS2:			CLR LOAD2
  314:	  01FB	80 02					SJMP LOAD3_OPERATION
  315:	  01FD	D2 82		OFFS2:			SETB LOAD2
  316:
  317:	  01FF	85 48 63	LOAD3_OPERATION:	MOV LOAD_ON_HR,LOAD3_ON_HR
  318:	  0202	85 4A 65				MOV LOAD_ON_MIN,LOAD3_ON_MIN
  319:	  0205	85 49 64				MOV LOAD_OFF_HR,LOAD3_OFF_HR

ASEM-51 V1.3                                         Copyright (c) 2002 by W.W. Heinz                                         PAGE 7



 Line  I  Addr  Code            Source

  320:	  0208	85 4B 66				MOV LOAD_OFF_MIN,LOAD3_OFF_MIN
  321:	  020B	12 02 33				LCALL ROUTINE1
  322:	  020E	40 02					JC ONS3
  323:	  0210	80 04					SJMP  OFFS3
  324:	  0212	C2 81		ONS3:			CLR LOAD3
  325:	  0214	80 02					SJMP LOAD4_OPERATION
  326:	  0216	D2 81		OFFS3:			SETB LOAD3
  327:
  328:	  0218	85 4C 63	LOAD4_OPERATION:	MOV LOAD_ON_HR,LOAD4_ON_HR
  329:	  021B	85 4E 65				MOV LOAD_ON_MIN,LOAD4_ON_MIN
  330:	  021E	85 4D 64				MOV LOAD_OFF_HR,LOAD4_OFF_HR
  331:	  0221	85 4F 66				MOV LOAD_OFF_MIN,LOAD4_OFF_MIN
  332:	  0224	12 02 33				LCALL ROUTINE1
  333:	  0227	40 02					JC ONS4
  334:	  0229	80 04					SJMP OFFS4
  335:	  022B	C2 80		ONS4:			CLR LOAD4
  336:	  022D	80 02					SJMP LOAD_OPERATION_DONE
  337:	  022F	D2 80		OFFS4:			SETB LOAD4
  338:
  339:
  340:	  0231	00		LOAD_OPERATION_DONE:	NOP
  341:	  0232	22					RET
  342:
  343:					;02:05:53
  344:				;subroutine that loads the registrer that will control the turn off an turn on of the load

  345:	  0233	E5 63		ROUTINE1:	MOV A,LOAD_ON_HR				;when its set to 3, and time is 2. l
				oad should off
  346:	  0235	B5 60 10			CJNE A,HOUR,ASK1A
  347:	  0238	E5 65				MOV A,LOAD_ON_MIN
  348:	  023A	B5 61 02			CJNE A,MINUTE,MIN_CHECK1
  349:	  023D	80 23				SJMP ON_LOAD
  350:	  023F	50 1D		MIN_CHECK1:	JNC OFF_LOAD
  351:	  0241	E5 64				MOV A,LOAD_OFF_HR
  352:	  0243	B5 60 14			CJNE A,HOUR,ASK1C
  353:	  0246	80 07				SJMP MIN_CHECK1A
  354:
  355:	  0248	50 14		ASK1A:		JNC OFF_LOAD
  356:	  024A	E5 64				MOV A,LOAD_OFF_HR				;if its not up to the off time, then
				 load should on. if it is, load should off
  357:	  024C	B5 60 0B			CJNE A,HOUR,ASK1C
  358:	  024F	E5 66		MIN_CHECK1A:	MOV A,LOAD_OFF_MIN
  359:	  0251	B5 61 02			CJNE A,MINUTE,MIN_CHECK2
  360:	  0254	80 08				SJMP OFF_LOAD
  361:	  0256	40 06		MIN_CHECK2:	JC OFF_LOAD
  362:	  0258	80 08				SJMP ON_LOAD
  363:
  364:	  025A	40 02		ASK1C:		JC OFF_LOAD
  365:	  025C	80 04				SJMP ON_LOAD
  366:	  025E	C2 D7		OFF_LOAD:	CLR CY
  367:
  368:	  0260	80 04				SJMP STOPS1
  369:	  0262	D2 D7		ON_LOAD:	SETB CY
  370:	  0264	80 00				SJMP STOPS1
  371:
  372:	  0266	74 00		STOPS1:		MOV A,#00H

ASEM-51 V1.3                                         Copyright (c) 2002 by W.W. Heinz                                         PAGE 8



 Line  I  Addr  Code            Source

  373:	  0268	F5 63				MOV LOAD_ON_HR,A
  374:	  026A	F5 64				MOV LOAD_OFF_HR,A
  375:	  026C	F5 65				MOV LOAD_ON_MIN,A
  376:	  026E	F5 66				MOV LOAD_OFF_MIN,A
  377:	  0270	00				NOP
  378:	  0271	22				RET
  379:				;on,00:00..off,23:59.....................1:20,1:30,1:35, FOR 2,3,4,5
  380:
  381:
  382:	  0272	C2 8C		INTERUPT:	CLR TR0			;STOPS THE TIMER
  383:	  0274	C2 8D				CLR TF0			;CLEARS THE OVERFLOW FOR THE TIMER, WAITING FOR THE NEXT ROU
				ND
  384:	  0276	1A				DEC R2			;VALUE TO ENSURE ONE SEC COUNT DOWN
  385:	  0277	75 8A B0			MOV TL0,#0B0H		;RELOADS LOADS THE TIMER TO BE ABLE TO
  386:	  027A	75 8C 3C			MOV TH0,#03CH		;MAKE A 50MS DELAY
  387:	  027D	BA 00 02			CJNE R2,#00,EXIT0	;IS IT ONE SEC YET? NO,REPEAT PROCESS,YES,TAKE ACTION
  388:	  0280	51 85				ACALL OUTS		;CALL UP THE SUBROUTINE TO COUNT (SHOULD REFILL THE R2 REGIS
				TER)
  389:	  0282	D2 8C		EXIT0:		SETB TR0		;RESTARTS THE TIMER
  390:	  0284	32				RETI
  391:
  392:
  393:	  0285	AB 62		OUTS:		MOV R3,SECOND
  394:	  0287	AC 61				MOV R4,MINUTE
  395:	  0289	AD 60				MOV R5,HOUR
  396:	  028B	BB 3B 00			CJNE R3,#59,ASK13
  397:	  028E	50 03		ASK13:		JNC RESETS1
  398:	  0290	0B				INC R3
  399:	  0291	80 16				SJMP LOST
  400:	  0293	7B 00		RESETS1:	MOV R3,#00				;RESETS THE SECONDS
  401:	  0295	BC 3B 00			CJNE R4,#59,ASK23
  402:	  0298	50 03		ASK23:		JNC RESETS2
  403:	  029A	0C				INC R4
  404:	  029B	80 0C				SJMP LOST
  405:	  029D	7C 00		RESETS2:	MOV R4,#00				;RESET THE MINUTES
  406:	  029F	BD 17 00			CJNE R5,#23,ASK33
  407:	  02A2	50 03		ASK33:		JNC RESETS3
  408:	  02A4	0D				INC R5
  409:	  02A5	80 02				SJMP LOST
  410:	  02A7	7D 00		RESETS3:	MOV R5,#00				;RESET THE HOUR
  411:	  02A9	8B 62		LOST:		MOV SECOND,R3
  412:	  02AB	8C 61				MOV MINUTE,R4
  413:	  02AD	8D 60				MOV HOUR,R5
  414:	  02AF	AA 6D				MOV R2,ADJ
  415:	  02B1	B2 85				CPL STAT_LED
  416:	  02B3	12 03 31			LCALL CONVERSIONS
  417:	  02B6	12 03 78			LCALL TIME_DIS
  418:	  02B9	00				NOP
  419:	  02BA	22				RET
  420:
  421:
  422:
  423:
  424:	  02BB	30 95 08	SETTING1:	JNB YES_UP,UP_HR		;SETTING THE TIME
  425:	  02BE	30 94 12			JNB NO_DOWN,LO_HR
  426:	  02C1	30 93 26			JNB ENTER,DONE1

ASEM-51 V1.3                                         Copyright (c) 2002 by W.W. Heinz                                         PAGE 9



 Line  I  Addr  Code            Source

  427:	  02C4	80 F5				SJMP SETTING1
  428:
  429:	  02C6	12 06 B4	UP_HR:		LCALL HALF_SEC
  430:	  02C9	BE 17 04			CJNE SET_REG,#23,GOOD1
  431:	  02CC	7E 00				MOV SET_REG,#00
  432:	  02CE	80 10				SJMP READY1
  433:	  02D0	0E		GOOD1:		INC SET_REG
  434:	  02D1	80 0D				SJMP READY1
  435:
  436:	  02D3	12 06 B4	LO_HR:		LCALL HALF_SEC
  437:	  02D6	BE 00 04			CJNE SET_REG,#00,GOOD2
  438:	  02D9	7E 17				MOV SET_REG,#23
  439:	  02DB	80 03				SJMP READY1
  440:	  02DD	1E		GOOD2:		DEC SET_REG
  441:	  02DE	80 00				SJMP READY1
  442:
  443:	  02E0	8E 60		READY1:		MOV HOUR,SET_REG
  444:	  02E2	12 03 31			LCALL CONVERSIONS
  445:	  02E5	12 03 78			LCALL TIME_DIS
  446:	  02E8	80 D1				SJMP SETTING1
  447:
  448:	  02EA	C2 85		DONE1:		CLR STAT_LED
  449:	  02EC	12 06 A1			LCALL ONE_SEC
  450:	  02EF	D2 85				SETB STAT_LED
  451:
  452:	  02F1	7E 00				MOV SET_REG,#00H		;EMPTY REGISTER FIRST
  453:	  02F3	12 03 31			LCALL CONVERSIONS
  454:	  02F6	12 03 78			LCALL TIME_DIS
  455:
  456:	  02F9	30 95 08	SETTING2:	JNB YES_UP,UP_MIN		;SETTING THE TIME
  457:	  02FC	30 94 12			JNB NO_DOWN,LO_MIN
  458:	  02FF	30 93 26			JNB ENTER,DONE2
  459:	  0302	80 F5				SJMP SETTING2
  460:
  461:	  0304	12 06 B4	UP_MIN:		LCALL HALF_SEC
  462:	  0307	BE 3B 04			CJNE SET_REG,#59,GOOD1B
  463:	  030A	7E 00				MOV SET_REG,#00
  464:	  030C	80 10				SJMP READY2
  465:	  030E	0E		GOOD1B:		INC SET_REG
  466:	  030F	80 0D				SJMP READY2
  467:
  468:	  0311	12 06 B4	LO_MIN:		LCALL HALF_SEC
  469:	  0314	BE 00 04			CJNE SET_REG,#00,GOOD2B
  470:	  0317	7E 3B				MOV SET_REG,#59
  471:	  0319	80 03				SJMP READY2
  472:	  031B	1E		GOOD2B:		DEC SET_REG
  473:	  031C	80 00				SJMP READY2
  474:
  475:	  031E	8E 61		READY2:		MOV MINUTE,SET_REG
  476:	  0320	12 03 31			LCALL CONVERSIONS
  477:	  0323	12 03 78			LCALL TIME_DIS
  478:	  0326	80 D1				SJMP SETTING2
  479:
  480:	  0328	C2 85		DONE2:		CLR STAT_LED
  481:	  032A	12 06 A1			LCALL ONE_SEC
  482:	  032D	D2 85				SETB STAT_LED

ASEM-51 V1.3                                        Copyright (c) 2002 by W.W. Heinz                                         PAGE 10



 Line  I  Addr  Code            Source

  483:
  484:	  032F	00				NOP
  485:	  0330	22				RET
  486:
  487:
  488:
  489:	  0331	E5 60		CONVERSIONS:	MOV A,HOUR
  490:	  0333	75 F0 0A			MOV B,#10
  491:	  0336	84				DIV AB
  492:	  0337	85 F0 68			MOV HR2,B
  493:	  033A	F5 67				MOV HR1,A
  494:	  033C	E5 61				MOV A,MINUTE
  495:	  033E	75 F0 0A			MOV B,#10
  496:	  0341	84				DIV AB
  497:	  0342	85 F0 6A			MOV MIN2,B
  498:	  0345	F5 69				MOV MIN1,A
  499:	  0347	E5 62				MOV A,SECOND
  500:	  0349	75 F0 0A			MOV B,#10
  501:	  034C	84				DIV AB
  502:	  034D	85 F0 6C			MOV SEC2,B
  503:	  0350	F5 6B				MOV SEC1,A
  504:
  505:	  0352	E5 67				MOV A,HR1
  506:	  0354	44 30				ORL A,#30H
  507:	  0356	F5 67				MOV HR1,A
  508:	  0358	E5 68				MOV A,HR2
  509:	  035A	44 30				ORL A,#30H
  510:	  035C	F5 68				MOV HR2,A
  511:	  035E	E5 69				MOV A,MIN1
  512:	  0360	44 30				ORL A,#30H
  513:	  0362	F5 69				MOV MIN1,A
  514:	  0364	E5 6A				MOV A,MIN2
  515:	  0366	44 30				ORL A,#30H
  516:	  0368	F5 6A				MOV MIN2,A
  517:	  036A	E5 6B				MOV A,SEC1
  518:	  036C	44 30				ORL A,#30H
  519:	  036E	F5 6B				MOV SEC1,A
  520:	  0370	E5 6C				MOV A,SEC2
  521:	  0372	44 30				ORL A,#30H
  522:	  0374	F5 6C				MOV SEC2,A
  523:	  0376	00				NOP
  524:	  0377	22				RET
  525:
  526:	  0378	90 08 40	TIME_DIS:		MOV DPTR,#DISCOM
  527:	  037B	E4		COM01:			CLR A
  528:	  037C	93					MOVC A,@A+DPTR
  529:	  037D	12 06 72				LCALL COMNWRT2			;CALL COMMAND SUBROUTINE
  530:	  0380	12 06 C7				LCALL SHORT_DELAY		;GIVE THE LCD SOMETIME
  531:	  0383	A3					INC DPTR
  532:	  0384	60 02					JZ DAT01
  533:	  0386	80 F3					SJMP COM01
  534:	  0388	E5 67		DAT01:			MOV A,HR1
  535:	  038A	12 06 80				LCALL DATAWRT2
  536:	  038D	12 06 C7				LCALL SHORT_DELAY
  537:	  0390	E5 68					MOV A,HR2
  538:	  0392	12 06 80				LCALL DATAWRT2

ASEM-51 V1.3                                        Copyright (c) 2002 by W.W. Heinz                                         PAGE 11



 Line  I  Addr  Code            Source

  539:	  0395	12 06 C7				LCALL SHORT_DELAY
  540:	  0398	74 3A					MOV A,#':'
  541:	  039A	12 06 80				LCALL DATAWRT2
  542:	  039D	12 06 C7				LCALL SHORT_DELAY
  543:
  544:	  03A0	E5 69					MOV A,MIN1
  545:	  03A2	12 06 80				LCALL DATAWRT2
  546:	  03A5	12 06 C7				LCALL SHORT_DELAY
  547:	  03A8	E5 6A					MOV A,MIN2
  548:	  03AA	12 06 80				LCALL DATAWRT2
  549:	  03AD	12 06 C7				LCALL SHORT_DELAY
  550:	  03B0	74 3A					MOV A,#':'
  551:	  03B2	12 06 80				LCALL DATAWRT2
  552:	  03B5	12 06 C7				LCALL SHORT_DELAY
  553:
  554:	  03B8	E5 6B					MOV A,SEC1
  555:	  03BA	12 06 80				LCALL DATAWRT2
  556:	  03BD	12 06 C7				LCALL SHORT_DELAY
  557:	  03C0	E5 6C					MOV A,SEC2
  558:	  03C2	12 06 80				LCALL DATAWRT2
  559:	  03C5	12 06 C7				LCALL SHORT_DELAY
  560:
  561:	  03C8	00					NOP
  562:	  03C9	22					RET
  563:
  564:
  565:
  566:
  567:				;DISPLAY SUBS
  568:	  03CA	90 08 35	PROJ1:		MOV DPTR,#UPCOM
  569:	  03CD	E4		C01:		CLR A
  570:	  03CE	93				MOVC A,@A+DPTR
  571:	  03CF	12 06 72			LCALL COMNWRT2
  572:	  03D2	12 06 C7			LCALL SHORT_DELAY
  573:	  03D5	A3				INC DPTR
  574:	  03D6	60 02				JZ SEND_DAT01
  575:	  03D8	80 F3				SJMP C01
  576:	  03DA	90 06 E1	SEND_DAT01:	MOV DPTR,#MYDATA1		;DISPLAYS "  DESIGN AND"
  577:	  03DD	E4		D01:		CLR A
  578:	  03DE	93				MOVC A,@A+DPTR
  579:	  03DF	12 06 80			LCALL DATAWRT2
  580:	  03E2	12 06 C7			LCALL SHORT_DELAY
  581:	  03E5	A3				INC DPTR
  582:	  03E6	60 02				JZ EXIT01
  583:	  03E8	80 F3				SJMP D01
  584:	  03EA	00		EXIT01:		NOP
  585:	  03EB	22				RET
  586:
  587:	  03EC	90 08 3B	PROJ2:		MOV DPTR,#DOWNCOM
  588:	  03EF	E4		C02:		CLR A
  589:	  03F0	93				MOVC A,@A+DPTR
  590:	  03F1	12 06 72			LCALL COMNWRT2
  591:	  03F4	12 06 C7			LCALL SHORT_DELAY
  592:	  03F7	A3				INC DPTR
  593:	  03F8	60 02				JZ SEND_DAT02
  594:	  03FA	80 F3				SJMP C02

ASEM-51 V1.3                                        Copyright (c) 2002 by W.W. Heinz                                         PAGE 12



 Line  I  Addr  Code            Source

  595:	  03FC	90 06 F2	SEND_DAT02:	MOV DPTR,#MYDATA2		;DISPLAYS "  CONSTRUCTION OF"
  596:	  03FF	E4		D02:		CLR A
  597:	  0400	93				MOVC A,@A+DPTR
  598:	  0401	12 06 80			LCALL DATAWRT2
  599:	  0404	12 06 C7			LCALL SHORT_DELAY
  600:	  0407	A3				INC DPTR
  601:	  0408	60 02				JZ EXIT02
  602:	  040A	80 F3				SJMP D02
  603:	  040C	00		EXIT02:		NOP
  604:	  040D	22				RET
  605:
  606:	  040E	90 08 35	PROJ3:		MOV DPTR,#UPCOM
  607:	  0411	E4		C03:		CLR A
  608:	  0412	93				MOVC A,@A+DPTR
  609:	  0413	12 06 72			LCALL COMNWRT2
  610:	  0416	12 06 C7			LCALL SHORT_DELAY
  611:	  0419	A3				INC DPTR
  612:	  041A	60 02				JZ SEND_DAT03
  613:	  041C	80 F3				SJMP C03
  614:	  041E	90 07 03	SEND_DAT03:	MOV DPTR,#MYDATA3		;DISPLAYS " A GSM BASED BABY "
  615:	  0421	E4		D03:		CLR A
  616:	  0422	93				MOVC A,@A+DPTR
  617:	  0423	12 06 80			LCALL DATAWRT2
  618:	  0426	12 06 C7			LCALL SHORT_DELAY
  619:	  0429	A3				INC DPTR
  620:	  042A	60 02				JZ EXIT03
  621:	  042C	80 F3				SJMP D03
  622:	  042E	00		EXIT03:		NOP
  623:	  042F	22				RET
  624:
  625:	  0430	90 08 3B	PROJ4:		MOV DPTR,#DOWNCOM
  626:	  0433	E4		C04:		CLR A
  627:	  0434	93				MOVC A,@A+DPTR
  628:	  0435	12 06 72			LCALL COMNWRT2
  629:	  0438	12 06 C7			LCALL SHORT_DELAY
  630:	  043B	A3				INC DPTR
  631:	  043C	60 02				JZ SEND_DAT04
  632:	  043E	80 F3				SJMP C04
  633:	  0440	90 07 14	SEND_DAT04:	MOV DPTR,#MYDATA4		;DISPLAYS "  MONITOR DEVICE"
  634:	  0443	E4		D04:		CLR A
  635:	  0444	93				MOVC A,@A+DPTR
  636:	  0445	12 06 80			LCALL DATAWRT2
  637:	  0448	12 06 C7			LCALL SHORT_DELAY
  638:	  044B	A3				INC DPTR
  639:	  044C	60 02				JZ EXIT04
  640:	  044E	80 F3				SJMP D04
  641:	  0450	00		EXIT04:		NOP
  642:	  0451	22				RET
  643:
  644:	  0452	90 08 35	TIME_IS:	MOV DPTR,#UPCOM
  645:	  0455	E4		C05:		CLR A
  646:	  0456	93				MOVC A,@A+DPTR
  647:	  0457	12 06 72			LCALL COMNWRT2
  648:	  045A	12 06 C7			LCALL SHORT_DELAY
  649:	  045D	A3				INC DPTR
  650:	  045E	60 02				JZ SEND_DAT05

ASEM-51 V1.3                                        Copyright (c) 2002 by W.W. Heinz                                         PAGE 13



 Line  I  Addr  Code            Source

  651:	  0460	80 F3				SJMP C05
  652:	  0462	90 07 25	SEND_DAT05:	MOV DPTR,#MYDATA5		;DISPLAYS "  BY	"
  653:	  0465	E4		D05:		CLR A
  654:	  0466	93				MOVC A,@A+DPTR
  655:	  0467	12 06 80			LCALL DATAWRT2
  656:	  046A	12 06 C7			LCALL SHORT_DELAY
  657:	  046D	A3				INC DPTR
  658:	  046E	60 02				JZ EXIT05
  659:	  0470	80 F3				SJMP D05
  660:	  0472	00		EXIT05:		NOP
  661:	  0473	22				RET
  662:
  663:	  0474	90 08 3B	SEE_CLOCK:	MOV DPTR,#DOWNCOM
  664:	  0477	E4		C06:		CLR A
  665:	  0478	93				MOVC A,@A+DPTR
  666:	  0479	12 06 72			LCALL COMNWRT2
  667:	  047C	12 06 C7			LCALL SHORT_DELAY
  668:	  047F	A3				INC DPTR
  669:	  0480	60 02				JZ SEND_DAT06
  670:	  0482	80 F3				SJMP C06
  671:	  0484	90 07 36	SEND_DAT06:	MOV DPTR,#MYDATA6		;DISPLAYS "  ADIYU NNEKA JOY "
  672:	  0487	E4		D06:		CLR A
  673:	  0488	93				MOVC A,@A+DPTR
  674:	  0489	12 06 80			LCALL DATAWRT2
  675:	  048C	12 06 C7			LCALL SHORT_DELAY
  676:	  048F	A3				INC DPTR
  677:	  0490	60 02				JZ EXIT06
  678:	  0492	80 F3				SJMP D06
  679:	  0494	00		EXIT06:		NOP
  680:	  0495	22				RET
  681:
  682:	  0496	90 08 35	SET_LOAD1_ON:		MOV DPTR,#UPCOM
  683:	  0499	E4		C07:		CLR A
  684:	  049A	93				MOVC A,@A+DPTR
  685:	  049B	12 06 72			LCALL COMNWRT2
  686:	  049E	12 06 C7			LCALL SHORT_DELAY
  687:	  04A1	A3				INC DPTR
  688:	  04A2	60 02				JZ SEND_DAT07
  689:	  04A4	80 F3				SJMP C07
  690:	  04A6	90 07 47	SEND_DAT07:	MOV DPTR,#MYDATA7		;DISPLAYS "  MAT NUMBER "
  691:	  04A9	E4		D07:		CLR A
  692:	  04AA	93				MOVC A,@A+DPTR
  693:	  04AB	12 06 80			LCALL DATAWRT2
  694:	  04AE	12 06 C7			LCALL SHORT_DELAY
  695:	  04B1	A3				INC DPTR
  696:	  04B2	60 02				JZ EXIT07
  697:	  04B4	80 F3				SJMP D07
  698:	  04B6	00		EXIT07:		NOP
  699:	  04B7	22				RET
  700:
  701:	  04B8	90 08 35	SET_LOAD1_OFF:	MOV DPTR,#UPCOM
  702:	  04BB	E4		C08:		CLR A
  703:	  04BC	93				MOVC A,@A+DPTR
  704:	  04BD	12 06 72			LCALL COMNWRT2
  705:	  04C0	12 06 C7			LCALL SHORT_DELAY
  706:	  04C3	A3				INC DPTR

ASEM-51 V1.3                                        Copyright (c) 2002 by W.W. Heinz                                         PAGE 14



 Line  I  Addr  Code            Source

  707:	  04C4	60 02				JZ SEND_DAT08
  708:	  04C6	80 F3				SJMP C08
  709:	  04C8	90 07 58	SEND_DAT08:	MOV DPTR,#MYDATA8		;DISPLAYS "  DEPARTMENT OF EEE"
  710:	  04CB	E4		D08:		CLR A
  711:	  04CC	93				MOVC A,@A+DPTR
  712:	  04CD	12 06 80			LCALL DATAWRT2
  713:	  04D0	12 06 C7			LCALL SHORT_DELAY
  714:	  04D3	A3				INC DPTR
  715:	  04D4	60 02				JZ EXIT08
  716:	  04D6	80 F3				SJMP D08
  717:	  04D8	00		EXIT08:		NOP
  718:	  04D9	22				RET
  719:
  720:	  04DA	90 08 35	SET_LOAD2_ON:	MOV DPTR,#UPCOM
  721:	  04DD	E4		C09:		CLR A
  722:	  04DE	93				MOVC A,@A+DPTR
  723:	  04DF	12 06 72			LCALL COMNWRT2
  724:	  04E2	12 06 C7			LCALL SHORT_DELAY
  725:	  04E5	A3				INC DPTR
  726:	  04E6	60 02				JZ SEND_DAT09
  727:	  04E8	80 F3				SJMP C09
  728:	  04EA	90 07 69	SEND_DAT09:	MOV DPTR,#MYDATA9		;DISPLAYS "  UNIBEN "
  729:	  04ED	E4		D09:		CLR A
  730:	  04EE	93				MOVC A,@A+DPTR
  731:	  04EF	12 06 80			LCALL DATAWRT2
  732:	  04F2	12 06 C7			LCALL SHORT_DELAY
  733:	  04F5	A3				INC DPTR
  734:	  04F6	60 02				JZ EXIT09
  735:	  04F8	80 F3				SJMP D09
  736:	  04FA	00		EXIT09:		NOP
  737:	  04FB	22				RET
  738:
  739:	  04FC	90 08 35	SET_LOAD2_OFF:	MOV DPTR,#UPCOM
  740:	  04FF	E4		C10:		CLR A
  741:	  0500	93				MOVC A,@A+DPTR
  742:	  0501	12 06 72			LCALL COMNWRT2
  743:	  0504	12 06 C7			LCALL SHORT_DELAY
  744:	  0507	A3				INC DPTR
  745:	  0508	60 02				JZ SEND_DAT10
  746:	  050A	80 F3				SJMP C10
  747:	  050C	90 07 7A	SEND_DAT10:	MOV DPTR,#MYDATA10		;DISPLAYS "  SCANNING "
  748:	  050F	E4		D10:		CLR A
  749:	  0510	93				MOVC A,@A+DPTR
  750:	  0511	12 06 80			LCALL DATAWRT2
  751:	  0514	12 06 C7			LCALL SHORT_DELAY
  752:	  0517	A3				INC DPTR
  753:	  0518	60 02				JZ EXIT10
  754:	  051A	80 F3				SJMP D10
  755:	  051C	00		EXIT10:		NOP
  756:	  051D	22				RET
  757:
  758:	  051E	90 08 35	SET_LOAD3_ON:	MOV DPTR,#UPCOM
  759:	  0521	E4		C11:		CLR A
  760:	  0522	93				MOVC A,@A+DPTR
  761:	  0523	12 06 72			LCALL COMNWRT2
  762:	  0526	12 06 C7			LCALL SHORT_DELAY

ASEM-51 V1.3                                        Copyright (c) 2002 by W.W. Heinz                                         PAGE 15



 Line  I  Addr  Code            Source

  763:	  0529	A3				INC DPTR
  764:	  052A	60 02				JZ SEND_DAT11
  765:	  052C	80 F3				SJMP C11
  766:	  052E	90 07 8B	SEND_DAT11:	MOV DPTR,#MYDATA11		;DISPLAYS "  AREA...."
  767:	  0531	E4		D11:		CLR A
  768:	  0532	93				MOVC A,@A+DPTR
  769:	  0533	12 06 80			LCALL DATAWRT2
  770:	  0536	12 06 C7			LCALL SHORT_DELAY
  771:	  0539	A3				INC DPTR
  772:	  053A	60 02				JZ EXIT11
  773:	  053C	80 F3				SJMP D11
  774:	  053E	00		EXIT11:		NOP
  775:	  053F	22				RET
  776:
  777:	  0540	90 08 35	SET_LOAD3_OFF:	MOV DPTR,#UPCOM
  778:	  0543	E4		C12:		CLR A
  779:	  0544	93				MOVC A,@A+DPTR
  780:	  0545	12 06 72			LCALL COMNWRT2
  781:	  0548	12 06 C7			LCALL SHORT_DELAY
  782:	  054B	A3				INC DPTR
  783:	  054C	60 02				JZ SEND_DAT12
  784:	  054E	80 F3				SJMP C12
  785:	  0550	90 07 9C	SEND_DAT12:	MOV DPTR,#MYDATA12		;DISPLAYS "  AREA.... "
  786:	  0553	E4		D12:		CLR A
  787:	  0554	93				MOVC A,@A+DPTR
  788:	  0555	12 06 80			LCALL DATAWRT2
  789:	  0558	12 06 C7			LCALL SHORT_DELAY
  790:	  055B	A3				INC DPTR
  791:	  055C	60 02				JZ EXIT12
  792:	  055E	80 F3				SJMP D12
  793:	  0560	00		EXIT12:		NOP
  794:	  0561	22				RET
  795:
  796:	  0562	90 08 35	SET_LOAD4_ON:	MOV DPTR,#UPCOM
  797:	  0565	E4		C13:		CLR A
  798:	  0566	93				MOVC A,@A+DPTR
  799:	  0567	12 06 72			LCALL COMNWRT2
  800:	  056A	12 06 C7			LCALL SHORT_DELAY
  801:	  056D	A3				INC DPTR
  802:	  056E	60 02				JZ SEND_DAT13
  803:	  0570	80 F3				SJMP C13
  804:	  0572	90 07 AD	SEND_DAT13:	MOV DPTR,#MYDATA13		;DISPLAYS "  SECURED "
  805:	  0575	E4		D13:		CLR A
  806:	  0576	93				MOVC A,@A+DPTR
  807:	  0577	12 06 80			LCALL DATAWRT2
  808:	  057A	12 06 C7			LCALL SHORT_DELAY
  809:	  057D	A3				INC DPTR
  810:	  057E	60 02				JZ EXIT13
  811:	  0580	80 F3				SJMP D13
  812:	  0582	00		EXIT13:		NOP
  813:	  0583	22				RET
  814:
  815:	  0584	90 08 35	SET_LOAD4_OFF:	MOV DPTR,#UPCOM
  816:	  0587	E4		C14:		CLR A
  817:	  0588	93				MOVC A,@A+DPTR
  818:	  0589	12 06 72			LCALL COMNWRT2

ASEM-51 V1.3                                        Copyright (c) 2002 by W.W. Heinz                                         PAGE 16



 Line  I  Addr  Code            Source

  819:	  058C	12 06 C7			LCALL SHORT_DELAY
  820:	  058F	A3				INC DPTR
  821:	  0590	60 02				JZ SEND_DAT14
  822:	  0592	80 F3				SJMP C14
  823:	  0594	90 07 BE	SEND_DAT14:	MOV DPTR,#MYDATA14		;DISPLAYS "  INTRUDER "
  824:	  0597	E4		D14:		CLR A
  825:	  0598	93				MOVC A,@A+DPTR
  826:	  0599	12 06 80			LCALL DATAWRT2
  827:	  059C	12 06 C7			LCALL SHORT_DELAY
  828:	  059F	A3				INC DPTR
  829:	  05A0	60 02				JZ EXIT14
  830:	  05A2	80 F3				SJMP D14
  831:	  05A4	00		EXIT14:		NOP
  832:	  05A5	22				RET
  833:
  834:	  05A6	90 08 35	SETTING_DONE:	MOV DPTR,#UPCOM
  835:	  05A9	E4		C15:		CLR A
  836:	  05AA	93				MOVC A,@A+DPTR
  837:	  05AB	12 06 72			LCALL COMNWRT2
  838:	  05AE	12 06 C7			LCALL SHORT_DELAY
  839:	  05B1	A3				INC DPTR
  840:	  05B2	60 02				JZ SEND_DAT15
  841:	  05B4	80 F3				SJMP C15
  842:	  05B6	90 07 CF	SEND_DAT15:	MOV DPTR,#MYDATA15		;DISPLAYS "  INTRUDER "
  843:	  05B9	E4		D15:		CLR A
  844:	  05BA	93				MOVC A,@A+DPTR
  845:	  05BB	12 06 80			LCALL DATAWRT2
  846:	  05BE	12 06 C7			LCALL SHORT_DELAY
  847:	  05C1	A3				INC DPTR
  848:	  05C2	60 02				JZ EXIT15
  849:	  05C4	80 F3				SJMP D15
  850:	  05C6	00		EXIT15:		NOP
  851:	  05C7	22				RET
  852:
  853:	  05C8	90 08 35	THE_TIME_IS:	MOV DPTR,#UPCOM
  854:	  05CB	E4		C16:		CLR A
  855:	  05CC	93				MOVC A,@A+DPTR
  856:	  05CD	12 06 72			LCALL COMNWRT2
  857:	  05D0	12 06 C7			LCALL SHORT_DELAY
  858:	  05D3	A3				INC DPTR
  859:	  05D4	60 02				JZ SEND_DAT16
  860:	  05D6	80 F3				SJMP C16
  861:	  05D8	90 07 E0	SEND_DAT16:	MOV DPTR,#MYDATA16		;DISPLAYS "  INTRUDER "
  862:	  05DB	E4		D16:		CLR A
  863:	  05DC	93				MOVC A,@A+DPTR
  864:	  05DD	12 06 80			LCALL DATAWRT2
  865:	  05E0	12 06 C7			LCALL SHORT_DELAY
  866:	  05E3	A3				INC DPTR
  867:	  05E4	60 02				JZ EXIT16
  868:	  05E6	80 F3				SJMP D16
  869:	  05E8	00		EXIT16:		NOP
  870:	  05E9	22				RET
  871:
  872:	  05EA	90 08 35	RESET_CLOCK:	MOV DPTR,#UPCOM
  873:	  05ED	E4		C17:		CLR A
  874:	  05EE	93				MOVC A,@A+DPTR

ASEM-51 V1.3                                        Copyright (c) 2002 by W.W. Heinz                                         PAGE 17



 Line  I  Addr  Code            Source

  875:	  05EF	12 06 72			LCALL COMNWRT2
  876:	  05F2	12 06 C7			LCALL SHORT_DELAY
  877:	  05F5	A3				INC DPTR
  878:	  05F6	60 02				JZ SEND_DAT17
  879:	  05F8	80 F3				SJMP C17
  880:	  05FA	90 07 F1	SEND_DAT17:	MOV DPTR,#MYDATA17		;DISPLAYS "  INTRUDER "
  881:	  05FD	E4		D17:		CLR A
  882:	  05FE	93				MOVC A,@A+DPTR
  883:	  05FF	12 06 80			LCALL DATAWRT2
  884:	  0602	12 06 C7			LCALL SHORT_DELAY
  885:	  0605	A3				INC DPTR
  886:	  0606	60 02				JZ EXIT17
  887:	  0608	80 F3				SJMP D17
  888:	  060A	00		EXIT17:		NOP
  889:	  060B	22				RET
  890:
  891:	  060C	90 08 35	SYSTEM_RESET:	MOV DPTR,#UPCOM
  892:	  060F	E4		C18:		CLR A
  893:	  0610	93				MOVC A,@A+DPTR
  894:	  0611	12 06 72			LCALL COMNWRT2
  895:	  0614	12 06 C7			LCALL SHORT_DELAY
  896:	  0617	A3				INC DPTR
  897:	  0618	60 02				JZ SEND_DAT18
  898:	  061A	80 F3				SJMP C18
  899:	  061C	90 08 02	SEND_DAT18:	MOV DPTR,#MYDATA18		;DISPLAYS "INTRUDER"
  900:	  061F	E4		D18:		CLR A
  901:	  0620	93				MOVC A,@A+DPTR
  902:	  0621	12 06 80			LCALL DATAWRT2
  903:	  0624	12 06 C7			LCALL SHORT_DELAY
  904:	  0627	A3				INC DPTR
  905:	  0628	60 02				JZ EXIT18
  906:	  062A	80 F3				SJMP D18
  907:	  062C	00		EXIT18:		NOP
  908:	  062D	22				RET
  909:
  910:	  062E	90 08 3B	YES_NO:		MOV DPTR,#DOWNCOM
  911:	  0631	E4		C19:		CLR A
  912:	  0632	93				MOVC A,@A+DPTR
  913:	  0633	12 06 72			LCALL COMNWRT2
  914:	  0636	12 06 C7			LCALL SHORT_DELAY
  915:	  0639	A3				INC DPTR
  916:	  063A	60 02				JZ SEND_DAT19
  917:	  063C	80 F3				SJMP C19
  918:	  063E	90 08 13	SEND_DAT19:	MOV DPTR,#MYDATA19		;DISPLAYS "  INTRUDER "
  919:	  0641	E4		D19:		CLR A
  920:	  0642	93				MOVC A,@A+DPTR
  921:	  0643	12 06 80			LCALL DATAWRT2
  922:	  0646	12 06 C7			LCALL SHORT_DELAY
  923:	  0649	A3				INC DPTR
  924:	  064A	60 02				JZ EXIT19
  925:	  064C	80 F3				SJMP D19
  926:	  064E	00		EXIT19:		NOP
  927:	  064F	22				RET
  928:
  929:	  0650	90 08 35	INVALID_COMMAND: MOV DPTR,#UPCOM
  930:	  0653	E4		C20:		CLR A

ASEM-51 V1.3                                        Copyright (c) 2002 by W.W. Heinz                                         PAGE 18



 Line  I  Addr  Code            Source

  931:	  0654	93				MOVC A,@A+DPTR
  932:	  0655	12 06 72			LCALL COMNWRT2
  933:	  0658	12 06 C7			LCALL SHORT_DELAY
  934:	  065B	A3				INC DPTR
  935:	  065C	60 02				JZ SEND_DAT20
  936:	  065E	80 F3				SJMP C20
  937:	  0660	90 08 24	SEND_DAT20:	MOV DPTR,#MYDATA20		;DISPLAYS "  INTRUDER "
  938:	  0663	E4		D20:		CLR A
  939:	  0664	93				MOVC A,@A+DPTR
  940:	  0665	12 06 80			LCALL DATAWRT2
  941:	  0668	12 06 C7			LCALL SHORT_DELAY
  942:	  066B	A3				INC DPTR
  943:	  066C	60 02				JZ EXIT20
  944:	  066E	80 F3				SJMP D20
  945:	  0670	00		EXIT20:		NOP
  946:	  0671	22				RET
  947:
  948:
  949:
  950:
  951:
  952:
  953:				;ldc commands and lcd data
  954:	  0672			COMNWRT2:					;SEND COMMAND TO LCD
  955:	  0672	F5 A0				MOV LCD_PORT,A			;COPY REG A TO P1
  956:	  0674	C2 B4				CLR RS_BIT			;RS=0 FOR COMMAND
  957:	  0676	C2 B6				CLR RW_BIT			;R/W= FOR WRITE
  958:	  0678	D2 B5				SETB EN_BIT			;E=1 FOR HIGH PULSE
  959:	  067A	12 06 C7			LCALL SHORT_DELAY		;GIVE LCD SOMETIME
  960:	  067D	C2 B5				CLR EN_BIT			;E=0 FOR H-TO-L PULSE
  961:	  067F	22				RET
  962:	  0680			DATAWRT2:					;WRITE DATA TO LCD
  963:	  0680	F5 A0				MOV LCD_PORT,A			;COPY REG A TO PORT 1
  964:	  0682	D2 B4				SETB RS_BIT			;RS=1 FOR DATA
  965:	  0684	C2 B6				CLR RW_BIT			;R/W=0 FOR WRITE
  966:	  0686	D2 B5				SETB EN_BIT			;E=1 FOR HIGH PULSE
  967:	  0688	12 06 C7			LCALL SHORT_DELAY		;GIVE LCD SOME TIME
  968:	  068B	C2 B5				CLR EN_BIT			;E=0 FOR H-TO-L PULSE
  969:	  068D	22				RET
  970:
  971:				;delay subroutines
  972:	  068E	75 35 14	LONG_DELAY:	MOV 35H,#20
  973:	  0691	75 36 FF	BACK3:		MOV 36H,#255
  974:	  0694	75 37 FF	BACK2:		MOV 37H,#255
  975:	  0697	D5 37 FD	BACK1:		DJNZ 37H,BACK1
  976:	  069A	D5 36 F7			DJNZ 36H,BACK2
  977:	  069D	D5 35 F1			DJNZ 35H,BACK3
  978:	  06A0	22				RET
  979:
  980:	  06A1	75 35 0A	ONE_SEC:	MOV 35H,#10
  981:	  06A4	75 36 FF	SEC3X:		MOV 36H,#255
  982:	  06A7	75 37 FF	SEC2X:		MOV 37H,#255
  983:	  06AA	D5 37 FD	SEC1X:		DJNZ 37H,SEC1X
  984:	  06AD	D5 36 F7			DJNZ 36H,SEC2X
  985:	  06B0	D5 35 F1			DJNZ 35H,SEC3X
  986:	  06B3	22				RET

ASEM-51 V1.3                                        Copyright (c) 2002 by W.W. Heinz                                         PAGE 19



 Line  I  Addr  Code            Source

  987:
  988:	  06B4	75 35 04	HALF_SEC:	MOV 35H,#4
  989:	  06B7	75 36 FF	SEC30:		MOV 36H,#255
  990:	  06BA	75 37 FF	SEC20:		MOV 37H,#255
  991:	  06BD	D5 37 FD	SEC10:		DJNZ 37H,SEC10
  992:	  06C0	D5 36 F7			DJNZ 36H,SEC20
  993:	  06C3	D5 35 F1			DJNZ 35H,SEC30
  994:	  06C6	22				RET
  995:
  996:	  06C7	75 38 FF	SHORT_DELAY:	MOV 38H,#255
  997:	  06CA	D5 38 FD	AGAIN3:		DJNZ 38H,AGAIN3
  998:	  06CD	22				RET
  999:
 1000:	  06CE	75 35 02	DELAY:		MOV 35H,#2
 1001:	  06D1	75 36 FF	SEC30X:		MOV 36H,#255
 1002:	  06D4	75 37 FF	SEC20X:		MOV 37H,#255
 1003:	  06D7	D5 37 FD	SEC10X:		DJNZ 37H,SEC10X
 1004:	  06DA	D5 36 F7			DJNZ 36H,SEC20X
 1005:	  06DD	D5 35 F1			DJNZ 35H,SEC30X
 1006:	  06E0	22				RET
 1007:
 1008:
 1009:
 1010:
 1011:
 1012:
 1013:
 1014:
 1015:	  06E1	20 20 20 44	MYDATA1:	DB "   DESIGN AND   ",0
	  06E5	45 53 49 47
	  06E9	4E 20 41 4E
	  06ED	44 20 20 20
	  06F1	00
 1016:	  06F2	43 4F 4E 53	MYDATA2:	DB "CONSTRUCTION OF ",0
	  06F6	54 52 55 43
	  06FA	54 49 4F 4E
	  06FE	20 4F 46 20
	  0702	00
 1017:	  0703	45 4C 45 43	MYDATA3:	DB "ELECTRICAL LOADS",0
	  0707	54 52 49 43
	  070B	41 4C 20 4C
	  070F	4F 41 44 53
	  0713	00
 1018:	  0714	50 4C 41 4E	MYDATA4:	DB "PLANNING SYSTEM ",0
	  0718	4E 49 4E 47
	  071C	20 53 59 53
	  0720	54 45 4D 20
	  0724	00
 1019:	  0725	20 20 20 20	MYDATA5:	DB "    TIME IS     ",0
	  0729	54 49 4D 45
	  072D	20 49 53 20
	  0731	20 20 20 20
	  0735	00
 1020:	  0736	20 20 20 20	MYDATA6:	DB "    00:00:00    ",0
	  073A	30 30 3A 30
	  073E	30 3A 30 30

ASEM-51 V1.3                                        Copyright (c) 2002 by W.W. Heinz                                         PAGE 20



 Line  I  Addr  Code            Source

	  0742	20 20 20 20
	  0746	00
 1021:	  0747	20 53 45 54	MYDATA7:	DB " SET LOAD 1 ON  ",0
	  074B	20 4C 4F 41
	  074F	44 20 31 20
	  0753	4F 4E 20 20
	  0757	00
 1022:	  0758	20 53 45 54	MYDATA8:	DB " SET LOAD 1 OFF ",0
	  075C	20 4C 4F 41
	  0760	44 20 31 20
	  0764	4F 46 46 20
	  0768	00
 1023:	  0769	20 53 45 54	MYDATA9:	DB " SET LOAD 2 ON  ",0
	  076D	20 4C 4F 41
	  0771	44 20 32 20
	  0775	4F 4E 20 20
	  0779	00
 1024:	  077A	20 53 45 54	MYDATA10:	DB " SET LOAD 2 OFF ",0
	  077E	20 4C 4F 41
	  0782	44 20 32 20
	  0786	4F 46 46 20
	  078A	00
 1025:	  078B	20 53 45 54	MYDATA11:	DB " SET LOAD 3 ON  ",0
	  078F	20 4C 4F 41
	  0793	44 20 33 20
	  0797	4F 4E 20 20
	  079B	00
 1026:	  079C	20 53 45 54	MYDATA12:	DB " SET LOAD 3 OFF ",0
	  07A0	20 4C 4F 41
	  07A4	44 20 33 20
	  07A8	4F 46 46 20
	  07AC	00
 1027:	  07AD	20 53 45 54	MYDATA13:	DB " SET LOAD 4 ON  ",0
	  07B1	20 4C 4F 41
	  07B5	44 20 34 20
	  07B9	4F 4E 20 20
	  07BD	00
 1028:	  07BE	20 53 45 54	MYDATA14:	DB " SET LOAD 4 OFF ",0
	  07C2	20 4C 4F 41
	  07C6	44 20 34 20
	  07CA	4F 46 46 20
	  07CE	00
 1029:
 1030:	  07CF	20 20 53 45	MYDATA15:	DB "  SETTING DONE  ",0
	  07D3	54 54 49 4E
	  07D7	47 20 44 4F
	  07DB	4E 45 20 20
	  07DF	00
 1031:	  07E0	20 20 20 54	MYDATA16:	DB "   THE TIME IS  ",0
	  07E4	48 45 20 54
	  07E8	49 4D 45 20
	  07EC	49 53 20 20
	  07F0	00
 1032:	  07F1	52 45 53 45	MYDATA17:	DB "RESET THE CLOCK ",0
	  07F5	54 20 54 48
	  07F9	45 20 43 4C

ASEM-51 V1.3                                        Copyright (c) 2002 by W.W. Heinz                                         PAGE 21



 Line  I  Addr  Code            Source

	  07FD	4F 43 4B 20
	  0801	00
 1033:	  0802	20 20 53 59	MYDATA18:	DB "  SYSTEM RESET? ",0
	  0806	53 54 45 4D
	  080A	20 52 45 53
	  080E	45 54 3F 20
	  0812	00
 1034:	  0813	20 20 20 59	MYDATA19:	DB "   YES      NO  ",0
	  0817	45 53 20 20
	  081B	20 20 20 20
	  081F	4E 4F 20 20
	  0823	00
 1035:	  0824	49 4E 56 41	MYDATA20:	DB "INVALID COMMAND ",0
	  0828	4C 49 44 20
	  082C	43 4F 4D 4D
	  0830	41 4E 44 20
	  0834	00
 1036:
 1037:
 1038:	  0835	38 06 0E 80	UPCOM:		DB 38H,06,0EH,80H,01,0 ;COMMANDS AND NULL
	  0839	01 00
 1039:	  083B	38 06 0E C0	DOWNCOM:	DB 38H,06,0EH,0C0H,0
	  083F	00
 1040:	  0840	38 06 0C C4	DISCOM:		DB 38H,06,0CH,0C4H,0
	  0844	00
 1041:
 1042:				END





                     register banks used:  ---

                     no errors




ASEM-51 V1.3                                        Copyright (c) 2002 by W.W. Heinz                                         PAGE 22





	       L I S T   O F   S Y M B O L S
	       =============================


SYMBOL				  TYPE     VALUE	LINE
------------------------------------------------------------
??ASEM_51			  NUMBER    8051
??VERSION			  NUMBER    0130
AC				  BIT	      D6
ACC				  DATA	      E0
ADJ				  NUMBER    006D	  77
AGAIN3				  CODE	    06CA	 997
ASK13				  CODE	    028E	 397
ASK1A				  CODE	    0248	 355
ASK1C				  CODE	    025A	 364
ASK23				  CODE	    0298	 402
ASK33				  CODE	    02A2	 407
B				  DATA	      F0
BACK1				  CODE	    0697	 975
BACK2				  CODE	    0694	 974
BACK3				  CODE	    0691	 973
BOLD				  CODE	    01CA	 279
C01				  CODE	    03CD	 569
C02				  CODE	    03EF	 588
C03				  CODE	    0411	 607
C04				  CODE	    0433	 626
C05				  CODE	    0455	 645
C06				  CODE	    0477	 664
C07				  CODE	    0499	 683
C08				  CODE	    04BB	 702
C09				  CODE	    04DD	 721
C10				  CODE	    04FF	 740
C11				  CODE	    0521	 759
C12				  CODE	    0543	 778
C13				  CODE	    0565	 797
C14				  CODE	    0587	 816
C15				  CODE	    05A9	 835
C16				  CODE	    05CB	 854
C17				  CODE	    05ED	 873
C18				  CODE	    060F	 892
C19				  CODE	    0631	 911
C20				  CODE	    0653	 930
CHICKEN				  CODE	    01C2	 276
COM01				  CODE	    037B	 527
COMNWRT2			  CODE	    0672	 954
CONVERSIONS			  CODE	    0331	 489
CY				  BIT	      D7
D01				  CODE	    03DD	 577
D02				  CODE	    03FF	 596
D03				  CODE	    0421	 615
D04				  CODE	    0443	 634
D05				  CODE	    0465	 653
D06				  CODE	    0487	 672
D07				  CODE	    04A9	 691
D08				  CODE	    04CB	 710
D09				  CODE	    04ED	 729

ASEM-51 V1.3                                        Copyright (c) 2002 by W.W. Heinz                                         PAGE 23



SYMBOL				  TYPE     VALUE	LINE
------------------------------------------------------------
D10				  CODE	    050F	 748
D11				  CODE	    0531	 767
D12				  CODE	    0553	 786
D13				  CODE	    0575	 805
D14				  CODE	    0597	 824
D15				  CODE	    05B9	 843
D16				  CODE	    05DB	 862
D17				  CODE	    05FD	 881
D18				  CODE	    061F	 900
D19				  CODE	    0641	 919
D20				  CODE	    0663	 938
DAT01				  CODE	    0388	 534
DATAWRT2			  CODE	    0680	 962
DELAY				  CODE	    06CE	1000
DISCOM				  CODE	    0840	1040
DONE				  CODE	    0193	 254
DONE1				  CODE	    02EA	 448
DONE2				  CODE	    0328	 480
DOWNCOM				  CODE	    083B	1039
DPH				  DATA	      83
DPL				  DATA	      82
EA				  BIT	      AF
ENTER				  NUMBER    0093	  36
EN_BIT				  NUMBER    00B5	  26
ES				  BIT	      AC
ET0				  BIT	      A9
ET1				  BIT	      AB
EX0				  BIT	      A8
EX1				  BIT	      AA
EXIT0				  CODE	    0282	 389
EXIT01				  CODE	    03EA	 584
EXIT02				  CODE	    040C	 603
EXIT03				  CODE	    042E	 622
EXIT04				  CODE	    0450	 641
EXIT05				  CODE	    0472	 660
EXIT06				  CODE	    0494	 679
EXIT07				  CODE	    04B6	 698
EXIT08				  CODE	    04D8	 717
EXIT09				  CODE	    04FA	 736
EXIT10				  CODE	    051C	 755
EXIT11				  CODE	    053E	 774
EXIT12				  CODE	    0560	 793
EXIT13				  CODE	    0582	 812
EXIT14				  CODE	    05A4	 831
EXIT15				  CODE	    05C6	 850
EXIT16				  CODE	    05E8	 869
EXIT17				  CODE	    060A	 888
EXIT18				  CODE	    062C	 907
EXIT19				  CODE	    064E	 926
EXIT20				  CODE	    0670	 945
EXTI0				  CODE	    0003
EXTI1				  CODE	    0013
F0				  BIT	      D5
GOOD1				  CODE	    02D0	 433
GOOD1B				  CODE	    030E	 465
GOOD2				  CODE	    02DD	 440

ASEM-51 V1.3                                        Copyright (c) 2002 by W.W. Heinz                                         PAGE 24



SYMBOL				  TYPE     VALUE	LINE
------------------------------------------------------------
GOOD2B				  CODE	    031B	 472
HALF_SEC			  CODE	    06B4	 988
HOUR				  NUMBER    0060	  59
HR1				  NUMBER    0067	  70
HR2				  NUMBER    0068	  71
IE				  DATA	      A8
IE0				  BIT	      89
IE1				  BIT	      8B
IMPLY				  CODE	    01BA	 272
INT0				  BIT	      B2
INT1				  BIT	      B3
INTERUPT			  CODE	    0272	 382
INVALID_COMMAND			  CODE	    0650	 929
IP				  DATA	      B8
IT0				  BIT	      88
IT1				  BIT	      8A
LCD_PORT			  NUMBER    00A0	  23
LOAD1				  NUMBER    0083	  28
LOAD1_OFF_HR			  NUMBER    0041	  40
LOAD1_OFF_MIN			  NUMBER    0043	  42
LOAD1_ON_HR			  NUMBER    0040	  39
LOAD1_ON_MIN			  NUMBER    0042	  41
LOAD2				  NUMBER    0082	  29
LOAD2_OFF_HR			  NUMBER    0045	  45
LOAD2_OFF_MIN			  NUMBER    0047	  47
LOAD2_ON_HR			  NUMBER    0044	  44
LOAD2_ON_MIN			  NUMBER    0046	  46
LOAD2_OPERATION			  CODE	    01E6	 306
LOAD3				  NUMBER    0081	  30
LOAD3_OFF_HR			  NUMBER    0049	  50
LOAD3_OFF_MIN			  NUMBER    004B	  52
LOAD3_ON_HR			  NUMBER    0048	  49
LOAD3_ON_MIN			  NUMBER    004A	  51
LOAD3_OPERATION			  CODE	    01FF	 317
LOAD4				  NUMBER    0080	  31
LOAD4_OFF_HR			  NUMBER    004D	  55
LOAD4_OFF_MIN			  NUMBER    004F	  57
LOAD4_ON_HR			  NUMBER    004C	  54
LOAD4_ON_MIN			  NUMBER    004E	  56
LOAD4_OPERATION			  CODE	    0218	 328
LOAD_OFF_HR			  NUMBER    0064	  64
LOAD_OFF_MIN			  NUMBER    0066	  66
LOAD_ON_HR			  NUMBER    0063	  63
LOAD_ON_MIN			  NUMBER    0065	  65
LOAD_OPERATION			  CODE	    01CD	 294
LOAD_OPERATION_DONE		  CODE	    0231	 340
LOAD_STATUS			  NUMBER    006E	  80
LONG_DELAY			  CODE	    068E	 972
LOST				  CODE	    02A9	 411
LO_HR				  CODE	    02D3	 436
LO_MIN				  CODE	    0311	 468
MAIN				  CODE	    0030	  89
MIN1				  NUMBER    0069	  72
MIN2				  NUMBER    006A	  73
MINUTE				  NUMBER    0061	  60
MIN_CHECK1			  CODE	    023F	 350

ASEM-51 V1.3                                        Copyright (c) 2002 by W.W. Heinz                                         PAGE 25



SYMBOL				  TYPE     VALUE	LINE
------------------------------------------------------------
MIN_CHECK1A			  CODE	    024F	 358
MIN_CHECK2			  CODE	    0256	 361
MYDATA1				  CODE	    06E1	1015
MYDATA10			  CODE	    077A	1024
MYDATA11			  CODE	    078B	1025
MYDATA12			  CODE	    079C	1026
MYDATA13			  CODE	    07AD	1027
MYDATA14			  CODE	    07BE	1028
MYDATA15			  CODE	    07CF	1030
MYDATA16			  CODE	    07E0	1031
MYDATA17			  CODE	    07F1	1032
MYDATA18			  CODE	    0802	1033
MYDATA19			  CODE	    0813	1034
MYDATA2				  CODE	    06F2	1016
MYDATA20			  CODE	    0824	1035
MYDATA3				  CODE	    0703	1017
MYDATA4				  CODE	    0714	1018
MYDATA5				  CODE	    0725	1019
MYDATA6				  CODE	    0736	1020
MYDATA7				  CODE	    0747	1021
MYDATA8				  CODE	    0758	1022
MYDATA9				  CODE	    0769	1023
NO_DOWN				  NUMBER    0094	  35
OFFS1				  CODE	    01E4	 304
OFFS2				  CODE	    01FD	 315
OFFS3				  CODE	    0216	 326
OFFS4				  CODE	    022F	 337
OFF_LOAD			  CODE	    025E	 366
ONE_SEC				  CODE	    06A1	 980
ONS1				  CODE	    01E0	 302
ONS2				  CODE	    01F9	 313
ONS3				  CODE	    0212	 324
ONS4				  CODE	    022B	 335
ON_LOAD				  CODE	    0262	 369
OUTS				  CODE	    0285	 393
OV				  BIT	      D2
P				  BIT	      D0
P0				  DATA	      80
P1				  DATA	      90
P2				  DATA	      A0
P3				  DATA	      B0
PCON				  DATA	      87
PROJ1				  CODE	    03CA	 568
PROJ2				  CODE	    03EC	 587
PROJ3				  CODE	    040E	 606
PROJ4				  CODE	    0430	 625
PS				  BIT	      BC
PSW				  DATA	      D0
PT0				  BIT	      B9
PT1				  BIT	      BB
PX0				  BIT	      B8
PX1				  BIT	      BA
RB8				  BIT	      9A
RD				  BIT	      B7
READY1				  CODE	    02E0	 443
READY2				  CODE	    031E	 475

ASEM-51 V1.3                                        Copyright (c) 2002 by W.W. Heinz                                         PAGE 26



SYMBOL				  TYPE     VALUE	LINE
------------------------------------------------------------
REAL_LOOP			  CODE	    01A6	 263
REJOIN				  CODE	    004F	 113
RELOAD				  CODE	    0198	 256
REN				  BIT	      9C
RESET				  CODE	    0000
RESETS1				  CODE	    0293	 400
RESETS2				  CODE	    029D	 405
RESETS3				  CODE	    02A7	 410
RESET_CLOCK			  CODE	    05EA	 872
RI				  BIT	      98
ROUTINE1			  CODE	    0233	 345
RS0				  BIT	      D3
RS1				  BIT	      D4
RS_BIT				  NUMBER    00B4	  24
RW_BIT				  NUMBER    00B6	  25
RXD				  BIT	      B0
SBUF				  DATA	      99
SCON				  DATA	      98
SEC1				  NUMBER    006B	  74
SEC10				  CODE	    06BD	 991
SEC10X				  CODE	    06D7	1003
SEC1X				  CODE	    06AA	 983
SEC2				  NUMBER    006C	  75
SEC20				  CODE	    06BA	 990
SEC20X				  CODE	    06D4	1002
SEC2X				  CODE	    06A7	 982
SEC30				  CODE	    06B7	 989
SEC30X				  CODE	    06D1	1001
SEC3X				  CODE	    06A4	 981
SECOND				  NUMBER    0062	  61
SEE_CLOCK			  CODE	    0474	 663
SEND_DAT01			  CODE	    03DA	 576
SEND_DAT02			  CODE	    03FC	 595
SEND_DAT03			  CODE	    041E	 614
SEND_DAT04			  CODE	    0440	 633
SEND_DAT05			  CODE	    0462	 652
SEND_DAT06			  CODE	    0484	 671
SEND_DAT07			  CODE	    04A6	 690
SEND_DAT08			  CODE	    04C8	 709
SEND_DAT09			  CODE	    04EA	 728
SEND_DAT10			  CODE	    050C	 747
SEND_DAT11			  CODE	    052E	 766
SEND_DAT12			  CODE	    0550	 785
SEND_DAT13			  CODE	    0572	 804
SEND_DAT14			  CODE	    0594	 823
SEND_DAT15			  CODE	    05B6	 842
SEND_DAT16			  CODE	    05D8	 861
SEND_DAT17			  CODE	    05FA	 880
SEND_DAT18			  CODE	    061C	 899
SEND_DAT19			  CODE	    063E	 918
SEND_DAT20			  CODE	    0660	 937
SETTING1			  CODE	    02BB	 424
SETTING2			  CODE	    02F9	 456
SETTING_DONE			  CODE	    05A6	 834
SET_LOAD1_OFF			  CODE	    04B8	 701
SET_LOAD1_ON			  CODE	    0496	 682

ASEM-51 V1.3                                        Copyright (c) 2002 by W.W. Heinz                                         PAGE 27



SYMBOL				  TYPE     VALUE	LINE
------------------------------------------------------------
SET_LOAD2_OFF			  CODE	    04FC	 739
SET_LOAD2_ON			  CODE	    04DA	 720
SET_LOAD3_OFF			  CODE	    0540	 777
SET_LOAD3_ON			  CODE	    051E	 758
SET_LOAD4_OFF			  CODE	    0584	 815
SET_LOAD4_ON			  CODE	    0562	 796
SET_REG				  REGISTER    R6	  79
SHORT_DELAY			  CODE	    06C7	 996
SINT				  CODE	    0023
SM0				  BIT	      9F
SM1				  BIT	      9E
SM2				  BIT	      9D
SP				  DATA	      81
STAT_LED			  NUMBER    0085	  32
STOPS1				  CODE	    0266	 372
SYSTEM_RESET			  CODE	    060C	 891
T0				  BIT	      B4
T1				  BIT	      B5
TB8				  BIT	      9B
TCON				  DATA	      88
TF0				  BIT	      8D
TF1				  BIT	      8F
TH0				  DATA	      8C
TH1				  DATA	      8D
THE_TIME_IS			  CODE	    05C8	 853
TI				  BIT	      99
TIMER0				  CODE	    000B
TIMER1				  CODE	    001B
TIME_DIS			  CODE	    0378	 526
TIME_IS				  CODE	    0452	 644
TL0				  DATA	      8A
TL1				  DATA	      8B
TMOD				  DATA	      89
TR0				  BIT	      8C
TR1				  BIT	      8E
TXD				  BIT	      B1
UPCOM				  CODE	    0835	1038
UP_HR				  CODE	    02C6	 429
UP_MIN				  CODE	    0304	 461
WR				  BIT	      B6
YES_NO				  CODE	    062E	 910
YES_UP				  NUMBER    0095	  34
